[DEBUG] 2026-06-22 15:30:37,299 django.db.backends | module=utils | process=42421 | thread=6154907648 | (0.000) 
            SELECT name, type FROM sqlite_master
            WHERE type in ('table', 'view') AND NOT name='sqlite_sequence'
            ORDER BY name; args=None; alias=default
[DEBUG] 2026-06-22 15:30:37,300 django.db.backends | module=utils | process=42421 | thread=6154907648 | (0.000) SELECT "django_migrations"."id", "django_migrations"."app", "django_migrations"."name", "django_migrations"."applied" FROM "django_migrations"; args=(); alias=default
[DEBUG] 2026-06-22 15:34:25,394 django.db.backends | module=utils | process=42506 | thread=6155022336 | (0.000) 
            SELECT name, type FROM sqlite_master
            WHERE type in ('table', 'view') AND NOT name='sqlite_sequence'
            ORDER BY name; args=None; alias=default
[DEBUG] 2026-06-22 15:34:25,395 django.db.backends | module=utils | process=42506 | thread=6155022336 | (0.000) SELECT "django_migrations"."id", "django_migrations"."app", "django_migrations"."name", "django_migrations"."applied" FROM "django_migrations"; args=(); alias=default
[DEBUG] 2026-06-22 15:35:14,984 django.db.backends | module=utils | process=42526 | thread=6179008512 | (0.000) 
            SELECT name, type FROM sqlite_master
            WHERE type in ('table', 'view') AND NOT name='sqlite_sequence'
            ORDER BY name; args=None; alias=default
[DEBUG] 2026-06-22 15:35:14,985 django.db.backends | module=utils | process=42526 | thread=6179008512 | (0.000) SELECT "django_migrations"."id", "django_migrations"."app", "django_migrations"."name", "django_migrations"."applied" FROM "django_migrations"; args=(); alias=default
[DEBUG] 2026-06-22 15:37:58,215 django.db.backends | module=utils | process=42554 | thread=6108737536 | (0.000) 
            SELECT name, type FROM sqlite_master
            WHERE type in ('table', 'view') AND NOT name='sqlite_sequence'
            ORDER BY name; args=None; alias=default
[DEBUG] 2026-06-22 15:37:58,217 django.db.backends | module=utils | process=42554 | thread=6108737536 | (0.000) SELECT "django_migrations"."id", "django_migrations"."app", "django_migrations"."name", "django_migrations"."applied" FROM "django_migrations"; args=(); alias=default
[DEBUG] 2026-06-22 15:41:09,083 django.db.backends | module=utils | process=42590 | thread=6173601792 | (0.000) 
            SELECT name, type FROM sqlite_master
            WHERE type in ('table', 'view') AND NOT name='sqlite_sequence'
            ORDER BY name; args=None; alias=default
[DEBUG] 2026-06-22 15:41:09,084 django.db.backends | module=utils | process=42590 | thread=6173601792 | (0.000) SELECT "django_migrations"."id", "django_migrations"."app", "django_migrations"."name", "django_migrations"."applied" FROM "django_migrations"; args=(); alias=default
[DEBUG] 2026-06-22 15:55:33,440 django.db.backends | module=utils | process=42793 | thread=6148124672 | (0.000) 
            SELECT name, type FROM sqlite_master
            WHERE type in ('table', 'view') AND NOT name='sqlite_sequence'
            ORDER BY name; args=None; alias=default
[DEBUG] 2026-06-22 15:55:33,442 django.db.backends | module=utils | process=42793 | thread=6148124672 | (0.000) SELECT "django_migrations"."id", "django_migrations"."app", "django_migrations"."name", "django_migrations"."applied" FROM "django_migrations"; args=(); alias=default
[DEBUG] 2026-06-22 15:59:44,180 django.db.backends | module=utils | process=42793 | thread=6181777408 | (0.000) SELECT "auth_user"."id", "auth_user"."password", "auth_user"."last_login", "auth_user"."is_superuser", "auth_user"."username", "auth_user"."first_name", "auth_user"."last_name", "auth_user"."email", "auth_user"."is_staff", "auth_user"."is_active", "auth_user"."date_joined" FROM "auth_user" WHERE "auth_user"."username" = 'iryna' LIMIT 21; args=('iryna',); alias=default
[DEBUG] 2026-06-22 16:01:33,330 django.db.backends | module=utils | process=42912 | thread=8492523136 | (0.000) 
            SELECT name, type FROM sqlite_master
            WHERE type in ('table', 'view') AND NOT name='sqlite_sequence'
            ORDER BY name; args=None; alias=default
[DEBUG] 2026-06-22 16:01:33,331 django.db.backends | module=utils | process=42912 | thread=8492523136 | (0.000) SELECT "django_migrations"."id", "django_migrations"."app", "django_migrations"."name", "django_migrations"."applied" FROM "django_migrations"; args=(); alias=default
[DEBUG] 2026-06-22 16:01:33,331 django.db.backends | module=utils | process=42912 | thread=8492523136 | (0.000) SELECT "auth_user"."id", "auth_user"."password", "auth_user"."last_login", "auth_user"."is_superuser", "auth_user"."username", "auth_user"."first_name", "auth_user"."last_name", "auth_user"."email", "auth_user"."is_staff", "auth_user"."is_active", "auth_user"."date_joined" FROM "auth_user" WHERE "auth_user"."username" = 'irynadenysova' LIMIT 21; args=('irynadenysova',); alias=default
[DEBUG] 2026-06-22 16:01:43,623 django.db.backends | module=utils | process=42912 | thread=8492523136 | (0.000) SELECT "auth_user"."id", "auth_user"."password", "auth_user"."last_login", "auth_user"."is_superuser", "auth_user"."username", "auth_user"."first_name", "auth_user"."last_name", "auth_user"."email", "auth_user"."is_staff", "auth_user"."is_active", "auth_user"."date_joined" FROM "auth_user" WHERE "auth_user"."username" = 'iryna' LIMIT 21; args=('iryna',); alias=default
[DEBUG] 2026-06-22 16:02:10,497 django.db.backends | module=utils | process=42912 | thread=8492523136 | (0.001) INSERT INTO "auth_user" ("password", "last_login", "is_superuser", "username", "first_name", "last_name", "email", "is_staff", "is_active", "date_joined") VALUES ('pbkdf2_sha256$1200000$j8f2qiovYwMdBpvxKEvstM$c5Cduc/kEVeHxzSNBXBT96inQqr8Y2GsOLbn64EzH9o=', NULL, 1, 'iryna', '', '', '', 1, 1, '2026-06-22 16:02:10.373877') RETURNING "auth_user"."id"; args=('pbkdf2_sha256$1200000$j8f2qiovYwMdBpvxKEvstM$c5Cduc/kEVeHxzSNBXBT96inQqr8Y2GsOLbn64EzH9o=', None, True, 'iryna', '', '', '', True, True, '2026-06-22 16:02:10.373877'); alias=default
[DEBUG] 2026-06-22 16:02:23,764 django.db.backends | module=utils | process=42952 | thread=6109671424 | (0.000) 
            SELECT name, type FROM sqlite_master
            WHERE type in ('table', 'view') AND NOT name='sqlite_sequence'
            ORDER BY name; args=None; alias=default
[DEBUG] 2026-06-22 16:02:23,765 django.db.backends | module=utils | process=42952 | thread=6109671424 | (0.000) SELECT "django_migrations"."id", "django_migrations"."app", "django_migrations"."name", "django_migrations"."applied" FROM "django_migrations"; args=(); alias=default
[DEBUG] 2026-06-22 16:02:35,081 django.db.backends | module=utils | process=42952 | thread=6126497792 | (0.000) SELECT "auth_user"."id", "auth_user"."password", "auth_user"."last_login", "auth_user"."is_superuser", "auth_user"."username", "auth_user"."first_name", "auth_user"."last_name", "auth_user"."email", "auth_user"."is_staff", "auth_user"."is_active", "auth_user"."date_joined" FROM "auth_user" WHERE "auth_user"."username" = 'iryna' LIMIT 21; args=('iryna',); alias=default
[DEBUG] 2026-06-23 16:19:55,721 django.db.backends | module=utils | process=47826 | thread=8492523136 | (0.000) 
            SELECT name, type FROM sqlite_master
            WHERE type in ('table', 'view') AND NOT name='sqlite_sequence'
            ORDER BY name; args=None; alias=default
[DEBUG] 2026-06-23 16:19:55,723 django.db.backends | module=utils | process=47826 | thread=8492523136 | (0.000) SELECT "django_migrations"."id", "django_migrations"."app", "django_migrations"."name", "django_migrations"."applied" FROM "django_migrations"; args=(); alias=default
[DEBUG] 2026-06-23 16:20:56,518 django.db.backends | module=utils | process=47854 | thread=8492523136 | (0.000) 
            SELECT name, type FROM sqlite_master
            WHERE type in ('table', 'view') AND NOT name='sqlite_sequence'
            ORDER BY name; args=None; alias=default
[DEBUG] 2026-06-23 16:20:56,520 django.db.backends | module=utils | process=47854 | thread=8492523136 | (0.000) SELECT "django_migrations"."id", "django_migrations"."app", "django_migrations"."name", "django_migrations"."applied" FROM "django_migrations"; args=(); alias=default
[DEBUG] 2026-06-23 16:21:23,156 django.db.backends | module=utils | process=47865 | thread=6153613312 | (0.000) 
            SELECT name, type FROM sqlite_master
            WHERE type in ('table', 'view') AND NOT name='sqlite_sequence'
            ORDER BY name; args=None; alias=default
[DEBUG] 2026-06-23 16:21:23,157 django.db.backends | module=utils | process=47865 | thread=6153613312 | (0.000) SELECT "django_migrations"."id", "django_migrations"."app", "django_migrations"."name", "django_migrations"."applied" FROM "django_migrations"; args=(); alias=default
[DEBUG] 2026-06-23 16:22:37,674 django.db.backends | module=utils | process=47898 | thread=6177566720 | (0.000) 
            SELECT name, type FROM sqlite_master
            WHERE type in ('table', 'view') AND NOT name='sqlite_sequence'
            ORDER BY name; args=None; alias=default
[DEBUG] 2026-06-23 16:22:37,675 django.db.backends | module=utils | process=47898 | thread=6177566720 | (0.000) SELECT "django_migrations"."id", "django_migrations"."app", "django_migrations"."name", "django_migrations"."applied" FROM "django_migrations"; args=(); alias=default
[DEBUG] 2026-06-23 16:24:43,859 django.db.backends | module=utils | process=47963 | thread=6111948800 | (0.000) 
            SELECT name, type FROM sqlite_master
            WHERE type in ('table', 'view') AND NOT name='sqlite_sequence'
            ORDER BY name; args=None; alias=default
[DEBUG] 2026-06-23 16:24:43,860 django.db.backends | module=utils | process=47963 | thread=6111948800 | (0.000) SELECT "django_migrations"."id", "django_migrations"."app", "django_migrations"."name", "django_migrations"."applied" FROM "django_migrations"; args=(); alias=default
[DEBUG] 2026-06-24 15:44:06,479 django.db.backends | module=utils | process=54383 | thread=6147960832 | (0.000) 
            SELECT name, type FROM sqlite_master
            WHERE type in ('table', 'view') AND NOT name='sqlite_sequence'
            ORDER BY name; args=None; alias=default
[DEBUG] 2026-06-24 15:44:06,480 django.db.backends | module=utils | process=54383 | thread=6147960832 | (0.000) SELECT "django_migrations"."id", "django_migrations"."app", "django_migrations"."name", "django_migrations"."applied" FROM "django_migrations"; args=(); alias=default
[DEBUG] 2026-06-24 15:51:02,312 django.db.backends | module=utils | process=54383 | thread=6181613568 | (0.000) SELECT "auth_user"."id", "auth_user"."password", "auth_user"."last_login", "auth_user"."is_superuser", "auth_user"."username", "auth_user"."first_name", "auth_user"."last_name", "auth_user"."email", "auth_user"."is_staff", "auth_user"."is_active", "auth_user"."date_joined" FROM "auth_user" WHERE "auth_user"."username" = 'iryna' LIMIT 21; args=('iryna',); alias=default
[DEBUG] 2026-06-24 15:55:57,568 django.db.backends | module=utils | process=54596 | thread=6153793536 | (0.000) 
            SELECT name, type FROM sqlite_master
            WHERE type in ('table', 'view') AND NOT name='sqlite_sequence'
            ORDER BY name; args=None; alias=default
[DEBUG] 2026-06-24 15:55:57,569 django.db.backends | module=utils | process=54596 | thread=6153793536 | (0.000) SELECT "django_migrations"."id", "django_migrations"."app", "django_migrations"."name", "django_migrations"."applied" FROM "django_migrations"; args=(); alias=default
[DEBUG] 2026-06-24 16:00:53,340 django.db.backends | module=utils | process=54632 | thread=6151024640 | (0.000) 
            SELECT name, type FROM sqlite_master
            WHERE type in ('table', 'view') AND NOT name='sqlite_sequence'
            ORDER BY name; args=None; alias=default
[DEBUG] 2026-06-24 16:00:53,341 django.db.backends | module=utils | process=54632 | thread=6151024640 | (0.000) SELECT "django_migrations"."id", "django_migrations"."app", "django_migrations"."name", "django_migrations"."applied" FROM "django_migrations"; args=(); alias=default
[DEBUG] 2026-06-24 16:01:04,960 django.db.backends | module=utils | process=54647 | thread=6185398272 | (0.000) 
            SELECT name, type FROM sqlite_master
            WHERE type in ('table', 'view') AND NOT name='sqlite_sequence'
            ORDER BY name; args=None; alias=default
[DEBUG] 2026-06-24 16:01:04,961 django.db.backends | module=utils | process=54647 | thread=6185398272 | (0.000) SELECT "django_migrations"."id", "django_migrations"."app", "django_migrations"."name", "django_migrations"."applied" FROM "django_migrations"; args=(); alias=default
[DEBUG] 2026-06-24 16:02:37,590 django.db.backends | module=utils | process=54647 | thread=6202224640 | (0.000) SELECT "auth_user"."id", "auth_user"."password", "auth_user"."last_login", "auth_user"."is_superuser", "auth_user"."username", "auth_user"."first_name", "auth_user"."last_name", "auth_user"."email", "auth_user"."is_staff", "auth_user"."is_active", "auth_user"."date_joined" FROM "auth_user" WHERE "auth_user"."username" = 'iryna' LIMIT 21; args=('iryna',); alias=default
[DEBUG] 2026-06-24 16:03:11,533 django.db.backends | module=utils | process=54647 | thread=6202224640 | (0.000) SELECT "auth_user"."id", "auth_user"."password", "auth_user"."last_login", "auth_user"."is_superuser", "auth_user"."username", "auth_user"."first_name", "auth_user"."last_name", "auth_user"."email", "auth_user"."is_staff", "auth_user"."is_active", "auth_user"."date_joined" FROM "auth_user" WHERE "auth_user"."id" = 1 LIMIT 21; args=(1,); alias=default
[DEBUG] 2026-06-24 16:07:29,581 django.db.backends | module=utils | process=54647 | thread=6219051008 | (0.000) SELECT "task_manager_task"."id", "task_manager_task"."title", "task_manager_task"."description", "task_manager_task"."status", "task_manager_task"."deadline", "task_manager_task"."created_at", "task_manager_task"."days_of_week", "task_manager_task"."owner_id" FROM "task_manager_task" ORDER BY "task_manager_task"."created_at" DESC; args=(); alias=default
[DEBUG] 2026-06-24 16:07:29,600 django.db.backends | module=utils | process=54647 | thread=6219051008 | (0.000) SELECT "task_manager_task"."id", "task_manager_task"."title", "task_manager_task"."description", "task_manager_task"."status", "task_manager_task"."deadline", "task_manager_task"."created_at", "task_manager_task"."days_of_week", "task_manager_task"."owner_id" FROM "task_manager_task" ORDER BY "task_manager_task"."created_at" DESC LIMIT 21; args=(); alias=default
[DEBUG] 2026-06-24 16:07:29,601 django.db.backends | module=utils | process=54647 | thread=6219051008 | (0.000) SELECT "task_manager_task"."id", "task_manager_task"."title", "task_manager_task"."description", "task_manager_task"."status", "task_manager_task"."deadline", "task_manager_task"."created_at", "task_manager_task"."days_of_week", "task_manager_task"."owner_id" FROM "task_manager_task" ORDER BY "task_manager_task"."created_at" DESC LIMIT 21; args=(); alias=default
[DEBUG] 2026-06-24 16:07:29,601 django.db.backends | module=utils | process=54647 | thread=6219051008 | (0.000) SELECT "task_manager_task"."id", "task_manager_task"."title", "task_manager_task"."description", "task_manager_task"."status", "task_manager_task"."deadline", "task_manager_task"."created_at", "task_manager_task"."days_of_week", "task_manager_task"."owner_id" FROM "task_manager_task" ORDER BY "task_manager_task"."created_at" DESC LIMIT 21; args=(); alias=default
[DEBUG] 2026-06-24 16:07:29,601 django.db.backends | module=utils | process=54647 | thread=6219051008 | (0.000) SELECT "task_manager_task"."id", "task_manager_task"."title", "task_manager_task"."description", "task_manager_task"."status", "task_manager_task"."deadline", "task_manager_task"."created_at", "task_manager_task"."days_of_week", "task_manager_task"."owner_id" FROM "task_manager_task" ORDER BY "task_manager_task"."created_at" DESC LIMIT 21; args=(); alias=default
[DEBUG] 2026-06-24 16:09:16,756 django.db.backends | module=utils | process=54751 | thread=8492523136 | (0.000) 
            SELECT name, type FROM sqlite_master
            WHERE type in ('table', 'view') AND NOT name='sqlite_sequence'
            ORDER BY name; args=None; alias=default
[DEBUG] 2026-06-24 16:09:16,757 django.db.backends | module=utils | process=54751 | thread=8492523136 | (0.000) SELECT "django_migrations"."id", "django_migrations"."app", "django_migrations"."name", "django_migrations"."applied" FROM "django_migrations"; args=(); alias=default
[DEBUG] 2026-06-24 16:09:44,378 django.db.backends | module=utils | process=54765 | thread=8492523136 | (0.000) 
            SELECT name, type FROM sqlite_master
            WHERE type in ('table', 'view') AND NOT name='sqlite_sequence'
            ORDER BY name; args=None; alias=default
[DEBUG] 2026-06-24 16:09:44,378 django.db.backends | module=utils | process=54765 | thread=8492523136 | (0.000) SELECT "django_migrations"."id", "django_migrations"."app", "django_migrations"."name", "django_migrations"."applied" FROM "django_migrations"; args=(); alias=default
[DEBUG] 2026-06-24 16:09:44,379 django.db.backends | module=utils | process=54765 | thread=8492523136 | (0.000) 
            SELECT name, type FROM sqlite_master
            WHERE type in ('table', 'view') AND NOT name='sqlite_sequence'
            ORDER BY name; args=None; alias=default
[DEBUG] 2026-06-24 16:09:44,379 django.db.backends | module=utils | process=54765 | thread=8492523136 | (0.000) SELECT "django_migrations"."id", "django_migrations"."app", "django_migrations"."name", "django_migrations"."applied" FROM "django_migrations"; args=(); alias=default
[DEBUG] 2026-06-24 16:10:50,565 django.db.backends | module=utils | process=54776 | thread=8492523136 | (0.000) 
            SELECT name, type FROM sqlite_master
            WHERE type in ('table', 'view') AND NOT name='sqlite_sequence'
            ORDER BY name; args=None; alias=default
[DEBUG] 2026-06-24 16:10:50,566 django.db.backends | module=utils | process=54776 | thread=8492523136 | (0.000) SELECT "django_migrations"."id", "django_migrations"."app", "django_migrations"."name", "django_migrations"."applied" FROM "django_migrations"; args=(); alias=default
[DEBUG] 2026-06-24 16:10:50,566 django.db.backends | module=utils | process=54776 | thread=8492523136 | (0.000) 
            SELECT name, type FROM sqlite_master
            WHERE type in ('table', 'view') AND NOT name='sqlite_sequence'
            ORDER BY name; args=None; alias=default
[DEBUG] 2026-06-24 16:10:50,566 django.db.backends | module=utils | process=54776 | thread=8492523136 | (0.000) SELECT "django_migrations"."id", "django_migrations"."app", "django_migrations"."name", "django_migrations"."applied" FROM "django_migrations"; args=(); alias=default
[DEBUG] 2026-06-24 16:10:50,568 django.db.backends | module=utils | process=54776 | thread=8492523136 | (0.000) 
            SELECT name, type FROM sqlite_master
            WHERE type in ('table', 'view') AND NOT name='sqlite_sequence'
            ORDER BY name; args=None; alias=default
[DEBUG] 2026-06-24 16:10:50,568 django.db.backends | module=utils | process=54776 | thread=8492523136 | (0.000) PRAGMA foreign_keys = OFF; args=None; alias=default
[DEBUG] 2026-06-24 16:10:50,569 django.db.backends | module=utils | process=54776 | thread=8492523136 | (0.000) PRAGMA foreign_keys; args=None; alias=default
[DEBUG] 2026-06-24 16:10:50,569 django.db.backends | module=utils | process=54776 | thread=8492523136 | (0.000) BEGIN; args=None; alias=default
[DEBUG] 2026-06-24 16:10:50,571 django.db.backends.schema | module=schema | process=54776 | thread=8492523136 | CREATE TABLE "new__task_manager_task" ("id" integer NOT NULL PRIMARY KEY AUTOINCREMENT, "title" varchar(100) NOT NULL UNIQUE, "description" text NOT NULL, "status" varchar(100) NOT NULL, "deadline" datetime NOT NULL, "created_at" datetime NOT NULL, "days_of_week" varchar(100) NULL, "owner_id" integer NOT NULL REFERENCES "auth_user" ("id") DEFERRABLE INITIALLY DEFERRED); (params None)
[DEBUG] 2026-06-24 16:10:50,571 django.db.backends | module=utils | process=54776 | thread=8492523136 | (0.000) CREATE TABLE "new__task_manager_task" ("id" integer NOT NULL PRIMARY KEY AUTOINCREMENT, "title" varchar(100) NOT NULL UNIQUE, "description" text NOT NULL, "status" varchar(100) NOT NULL, "deadline" datetime NOT NULL, "created_at" datetime NOT NULL, "days_of_week" varchar(100) NULL, "owner_id" integer NOT NULL REFERENCES "auth_user" ("id") DEFERRABLE INITIALLY DEFERRED); args=None; alias=default
[DEBUG] 2026-06-24 16:10:50,571 django.db.backends.schema | module=schema | process=54776 | thread=8492523136 | INSERT INTO "new__task_manager_task" ("id", "title", "description", "status", "deadline", "created_at", "days_of_week", "owner_id") SELECT "id", "title", "description", "status", "deadline", "created_at", "days_of_week", 1 FROM "task_manager_task"; (params ())
[DEBUG] 2026-06-24 16:10:50,571 django.db.backends | module=utils | process=54776 | thread=8492523136 | (0.000) INSERT INTO "new__task_manager_task" ("id", "title", "description", "status", "deadline", "created_at", "days_of_week", "owner_id") SELECT "id", "title", "description", "status", "deadline", "created_at", "days_of_week", 1 FROM "task_manager_task"; args=(); alias=default
[DEBUG] 2026-06-24 16:10:50,571 django.db.backends.schema | module=schema | process=54776 | thread=8492523136 | DROP TABLE "task_manager_task"; (params ())
[DEBUG] 2026-06-24 16:10:50,572 django.db.backends | module=utils | process=54776 | thread=8492523136 | (0.000) DROP TABLE "task_manager_task"; args=(); alias=default
[DEBUG] 2026-06-24 16:10:50,572 django.db.backends.schema | module=schema | process=54776 | thread=8492523136 | ALTER TABLE "new__task_manager_task" RENAME TO "task_manager_task"; (params ())
[DEBUG] 2026-06-24 16:10:50,572 django.db.backends | module=utils | process=54776 | thread=8492523136 | (0.000) ALTER TABLE "new__task_manager_task" RENAME TO "task_manager_task"; args=(); alias=default
[DEBUG] 2026-06-24 16:10:50,572 django.db.backends.schema | module=schema | process=54776 | thread=8492523136 | CREATE INDEX "task_manager_task_owner_id_848c5118" ON "task_manager_task" ("owner_id"); (params ())
[DEBUG] 2026-06-24 16:10:50,572 django.db.backends | module=utils | process=54776 | thread=8492523136 | (0.000) CREATE INDEX "task_manager_task_owner_id_848c5118" ON "task_manager_task" ("owner_id"); args=(); alias=default
[DEBUG] 2026-06-24 16:10:50,574 django.db.backends.schema | module=schema | process=54776 | thread=8492523136 | CREATE TABLE "new__task_manager_subtask" ("id" integer NOT NULL PRIMARY KEY AUTOINCREMENT, "title" varchar(100) NOT NULL UNIQUE, "description" text NOT NULL, "status" varchar(100) NOT NULL, "deadline" datetime NOT NULL, "created_at" datetime NOT NULL, "task_id" bigint NOT NULL REFERENCES "task_manager_task" ("id") DEFERRABLE INITIALLY DEFERRED, "owner_id" integer NOT NULL REFERENCES "auth_user" ("id") DEFERRABLE INITIALLY DEFERRED); (params None)
[DEBUG] 2026-06-24 16:10:50,574 django.db.backends | module=utils | process=54776 | thread=8492523136 | (0.000) CREATE TABLE "new__task_manager_subtask" ("id" integer NOT NULL PRIMARY KEY AUTOINCREMENT, "title" varchar(100) NOT NULL UNIQUE, "description" text NOT NULL, "status" varchar(100) NOT NULL, "deadline" datetime NOT NULL, "created_at" datetime NOT NULL, "task_id" bigint NOT NULL REFERENCES "task_manager_task" ("id") DEFERRABLE INITIALLY DEFERRED, "owner_id" integer NOT NULL REFERENCES "auth_user" ("id") DEFERRABLE INITIALLY DEFERRED); args=None; alias=default
[DEBUG] 2026-06-24 16:10:50,574 django.db.backends.schema | module=schema | process=54776 | thread=8492523136 | INSERT INTO "new__task_manager_subtask" ("id", "title", "description", "status", "deadline", "created_at", "task_id", "owner_id") SELECT "id", "title", "description", "status", "deadline", "created_at", "task_id", 1 FROM "task_manager_subtask"; (params ())
[DEBUG] 2026-06-24 16:10:50,574 django.db.backends | module=utils | process=54776 | thread=8492523136 | (0.000) INSERT INTO "new__task_manager_subtask" ("id", "title", "description", "status", "deadline", "created_at", "task_id", "owner_id") SELECT "id", "title", "description", "status", "deadline", "created_at", "task_id", 1 FROM "task_manager_subtask"; args=(); alias=default
[DEBUG] 2026-06-24 16:10:50,574 django.db.backends.schema | module=schema | process=54776 | thread=8492523136 | DROP TABLE "task_manager_subtask"; (params ())
[DEBUG] 2026-06-24 16:10:50,575 django.db.backends | module=utils | process=54776 | thread=8492523136 | (0.000) DROP TABLE "task_manager_subtask"; args=(); alias=default
[DEBUG] 2026-06-24 16:10:50,575 django.db.backends.schema | module=schema | process=54776 | thread=8492523136 | ALTER TABLE "new__task_manager_subtask" RENAME TO "task_manager_subtask"; (params ())
[DEBUG] 2026-06-24 16:10:50,575 django.db.backends | module=utils | process=54776 | thread=8492523136 | (0.000) ALTER TABLE "new__task_manager_subtask" RENAME TO "task_manager_subtask"; args=(); alias=default
[DEBUG] 2026-06-24 16:10:50,575 django.db.backends.schema | module=schema | process=54776 | thread=8492523136 | CREATE INDEX "task_manager_subtask_task_id_95d6e401" ON "task_manager_subtask" ("task_id"); (params ())
[DEBUG] 2026-06-24 16:10:50,575 django.db.backends | module=utils | process=54776 | thread=8492523136 | (0.000) CREATE INDEX "task_manager_subtask_task_id_95d6e401" ON "task_manager_subtask" ("task_id"); args=(); alias=default
[DEBUG] 2026-06-24 16:10:50,575 django.db.backends.schema | module=schema | process=54776 | thread=8492523136 | CREATE INDEX "task_manager_subtask_owner_id_49dc8d25" ON "task_manager_subtask" ("owner_id"); (params ())
[DEBUG] 2026-06-24 16:10:50,575 django.db.backends | module=utils | process=54776 | thread=8492523136 | (0.000) CREATE INDEX "task_manager_subtask_owner_id_49dc8d25" ON "task_manager_subtask" ("owner_id"); args=(); alias=default
[DEBUG] 2026-06-24 16:10:50,575 django.db.backends | module=utils | process=54776 | thread=8492523136 | (0.000) INSERT INTO "django_migrations" ("app", "name", "applied") VALUES ('manager_app', '0003_task_owner_subtask_owner', '2026-06-24 16:10:50.575609') RETURNING "django_migrations"."id"; args=('manager_app', '0003_task_owner_subtask_owner', '2026-06-24 16:10:50.575609'); alias=default
[DEBUG] 2026-06-24 16:10:50,576 django.db.backends | module=utils | process=54776 | thread=8492523136 | (0.000) PRAGMA foreign_key_check; args=None; alias=default
[DEBUG] 2026-06-24 16:10:50,576 django.db.backends | module=utils | process=54776 | thread=8492523136 | (0.000) COMMIT; args=None; alias=default
[DEBUG] 2026-06-24 16:10:50,576 django.db.backends | module=utils | process=54776 | thread=8492523136 | (0.000) PRAGMA foreign_keys = ON; args=None; alias=default
[DEBUG] 2026-06-24 16:10:50,576 django.db.backends | module=utils | process=54776 | thread=8492523136 | (0.000) SELECT "django_migrations"."id", "django_migrations"."app", "django_migrations"."name", "django_migrations"."applied" FROM "django_migrations"; args=(); alias=default
[DEBUG] 2026-06-24 16:10:50,576 django.db.backends | module=utils | process=54776 | thread=8492523136 | (0.000) SELECT "django_content_type"."model" AS "model" FROM "django_content_type" WHERE "django_content_type"."app_label" = 'admin'; args=('admin',); alias=default
[DEBUG] 2026-06-24 16:10:50,576 django.db.backends | module=utils | process=54776 | thread=8492523136 | (0.000) SELECT "django_content_type"."id", "django_content_type"."app_label", "django_content_type"."model" FROM "django_content_type" WHERE ("django_content_type"."app_label" = 'admin' AND "django_content_type"."model" IN ('logentry')); args=('admin', 'logentry'); alias=default
[DEBUG] 2026-06-24 16:10:50,577 django.db.backends | module=utils | process=54776 | thread=8492523136 | (0.000) SELECT "auth_permission"."content_type_id" AS "content_type", "auth_permission"."codename" AS "codename" FROM "auth_permission" INNER JOIN "django_content_type" ON ("auth_permission"."content_type_id" = "django_content_type"."id") WHERE "auth_permission"."content_type_id" IN (1) ORDER BY "django_content_type"."app_label" ASC, "django_content_type"."model" ASC, 2 ASC; args=(1,); alias=default
[DEBUG] 2026-06-24 16:10:50,577 django.db.backends | module=utils | process=54776 | thread=8492523136 | (0.000) SELECT "django_content_type"."model" AS "model" FROM "django_content_type" WHERE "django_content_type"."app_label" = 'admin'; args=('admin',); alias=default
[DEBUG] 2026-06-24 16:10:50,577 django.db.backends | module=utils | process=54776 | thread=8492523136 | (0.000) SELECT "django_content_type"."model" AS "model" FROM "django_content_type" WHERE "django_content_type"."app_label" = 'auth'; args=('auth',); alias=default
[DEBUG] 2026-06-24 16:10:50,577 django.db.backends | module=utils | process=54776 | thread=8492523136 | (0.000) SELECT "django_content_type"."id", "django_content_type"."app_label", "django_content_type"."model" FROM "django_content_type" WHERE ("django_content_type"."app_label" = 'auth' AND "django_content_type"."model" IN ('group', 'permission', 'user')); args=('auth', 'group', 'permission', 'user'); alias=default
[DEBUG] 2026-06-24 16:10:50,578 django.db.backends | module=utils | process=54776 | thread=8492523136 | (0.000) SELECT "auth_permission"."content_type_id" AS "content_type", "auth_permission"."codename" AS "codename" FROM "auth_permission" INNER JOIN "django_content_type" ON ("auth_permission"."content_type_id" = "django_content_type"."id") WHERE "auth_permission"."content_type_id" IN (2, 3, 4) ORDER BY "django_content_type"."app_label" ASC, "django_content_type"."model" ASC, 2 ASC; args=(2, 3, 4); alias=default
[DEBUG] 2026-06-24 16:10:50,578 django.db.backends | module=utils | process=54776 | thread=8492523136 | (0.000) SELECT "django_content_type"."model" AS "model" FROM "django_content_type" WHERE "django_content_type"."app_label" = 'auth'; args=('auth',); alias=default
[DEBUG] 2026-06-24 16:10:50,578 django.db.backends | module=utils | process=54776 | thread=8492523136 | (0.000) SELECT "django_content_type"."model" AS "model" FROM "django_content_type" WHERE "django_content_type"."app_label" = 'contenttypes'; args=('contenttypes',); alias=default
[DEBUG] 2026-06-24 16:10:50,578 django.db.backends | module=utils | process=54776 | thread=8492523136 | (0.000) SELECT "django_content_type"."id", "django_content_type"."app_label", "django_content_type"."model" FROM "django_content_type" WHERE ("django_content_type"."app_label" = 'contenttypes' AND "django_content_type"."model" IN ('contenttype')); args=('contenttypes', 'contenttype'); alias=default
[DEBUG] 2026-06-24 16:10:50,578 django.db.backends | module=utils | process=54776 | thread=8492523136 | (0.000) SELECT "auth_permission"."content_type_id" AS "content_type", "auth_permission"."codename" AS "codename" FROM "auth_permission" INNER JOIN "django_content_type" ON ("auth_permission"."content_type_id" = "django_content_type"."id") WHERE "auth_permission"."content_type_id" IN (5) ORDER BY "django_content_type"."app_label" ASC, "django_content_type"."model" ASC, 2 ASC; args=(5,); alias=default
[DEBUG] 2026-06-24 16:10:50,578 django.db.backends | module=utils | process=54776 | thread=8492523136 | (0.000) SELECT "django_content_type"."model" AS "model" FROM "django_content_type" WHERE "django_content_type"."app_label" = 'contenttypes'; args=('contenttypes',); alias=default
[DEBUG] 2026-06-24 16:10:50,578 django.db.backends | module=utils | process=54776 | thread=8492523136 | (0.000) SELECT "django_content_type"."model" AS "model" FROM "django_content_type" WHERE "django_content_type"."app_label" = 'sessions'; args=('sessions',); alias=default
[DEBUG] 2026-06-24 16:10:50,579 django.db.backends | module=utils | process=54776 | thread=8492523136 | (0.000) SELECT "django_content_type"."id", "django_content_type"."app_label", "django_content_type"."model" FROM "django_content_type" WHERE ("django_content_type"."app_label" = 'sessions' AND "django_content_type"."model" IN ('session')); args=('sessions', 'session'); alias=default
[DEBUG] 2026-06-24 16:10:50,579 django.db.backends | module=utils | process=54776 | thread=8492523136 | (0.000) SELECT "auth_permission"."content_type_id" AS "content_type", "auth_permission"."codename" AS "codename" FROM "auth_permission" INNER JOIN "django_content_type" ON ("auth_permission"."content_type_id" = "django_content_type"."id") WHERE "auth_permission"."content_type_id" IN (6) ORDER BY "django_content_type"."app_label" ASC, "django_content_type"."model" ASC, 2 ASC; args=(6,); alias=default
[DEBUG] 2026-06-24 16:10:50,579 django.db.backends | module=utils | process=54776 | thread=8492523136 | (0.000) SELECT "django_content_type"."model" AS "model" FROM "django_content_type" WHERE "django_content_type"."app_label" = 'sessions'; args=('sessions',); alias=default
[DEBUG] 2026-06-24 16:10:50,579 django.db.backends | module=utils | process=54776 | thread=8492523136 | (0.000) SELECT "django_content_type"."model" AS "model" FROM "django_content_type" WHERE "django_content_type"."app_label" = 'manager_app'; args=('manager_app',); alias=default
[DEBUG] 2026-06-24 16:10:50,579 django.db.backends | module=utils | process=54776 | thread=8492523136 | (0.000) SELECT "django_content_type"."id", "django_content_type"."app_label", "django_content_type"."model" FROM "django_content_type" WHERE ("django_content_type"."app_label" = 'manager_app' AND "django_content_type"."model" IN ('category', 'subtask', 'task')); args=('manager_app', 'category', 'subtask', 'task'); alias=default
[DEBUG] 2026-06-24 16:10:50,579 django.db.backends | module=utils | process=54776 | thread=8492523136 | (0.000) SELECT "auth_permission"."content_type_id" AS "content_type", "auth_permission"."codename" AS "codename" FROM "auth_permission" INNER JOIN "django_content_type" ON ("auth_permission"."content_type_id" = "django_content_type"."id") WHERE "auth_permission"."content_type_id" IN (8, 9, 7) ORDER BY "django_content_type"."app_label" ASC, "django_content_type"."model" ASC, 2 ASC; args=(8, 9, 7); alias=default
[DEBUG] 2026-06-24 16:10:50,579 django.db.backends | module=utils | process=54776 | thread=8492523136 | (0.000) SELECT "django_content_type"."model" AS "model" FROM "django_content_type" WHERE "django_content_type"."app_label" = 'manager_app'; args=('manager_app',); alias=default
[DEBUG] 2026-06-24 16:10:59,962 django.db.backends | module=utils | process=54790 | thread=6154825728 | (0.000) 
            SELECT name, type FROM sqlite_master
            WHERE type in ('table', 'view') AND NOT name='sqlite_sequence'
            ORDER BY name; args=None; alias=default
[DEBUG] 2026-06-24 16:10:59,963 django.db.backends | module=utils | process=54790 | thread=6154825728 | (0.000) SELECT "django_migrations"."id", "django_migrations"."app", "django_migrations"."name", "django_migrations"."applied" FROM "django_migrations"; args=(); alias=default
[DEBUG] 2026-06-24 16:11:14,940 django.db.backends | module=utils | process=54790 | thread=6171652096 | (0.000) SELECT "task_manager_task"."id", "task_manager_task"."title", "task_manager_task"."description", "task_manager_task"."status", "task_manager_task"."deadline", "task_manager_task"."created_at", "task_manager_task"."days_of_week", "task_manager_task"."owner_id" FROM "task_manager_task" ORDER BY "task_manager_task"."created_at" DESC; args=(); alias=default
[DEBUG] 2026-06-24 16:11:27,283 django.db.backends | module=utils | process=54790 | thread=6171652096 | (0.000) SELECT "task_manager_task"."id", "task_manager_task"."title", "task_manager_task"."description", "task_manager_task"."status", "task_manager_task"."deadline", "task_manager_task"."created_at", "task_manager_task"."days_of_week", "task_manager_task"."owner_id" FROM "task_manager_task" ORDER BY "task_manager_task"."created_at" DESC; args=(); alias=default
[DEBUG] 2026-06-24 16:11:32,442 django.db.backends | module=utils | process=54790 | thread=6171652096 | (0.000) SELECT "task_manager_task"."id", "task_manager_task"."title", "task_manager_task"."description", "task_manager_task"."status", "task_manager_task"."deadline", "task_manager_task"."created_at", "task_manager_task"."days_of_week", "task_manager_task"."owner_id" FROM "task_manager_task" ORDER BY "task_manager_task"."created_at" DESC; args=(); alias=default
[DEBUG] 2026-06-24 16:14:41,181 django.db.backends | module=utils | process=54790 | thread=6188478464 | (0.001) SELECT "auth_user"."id", "auth_user"."password", "auth_user"."last_login", "auth_user"."is_superuser", "auth_user"."username", "auth_user"."first_name", "auth_user"."last_name", "auth_user"."email", "auth_user"."is_staff", "auth_user"."is_active", "auth_user"."date_joined" FROM "auth_user" WHERE "auth_user"."username" = 'iryna' LIMIT 21; args=('iryna',); alias=default
[DEBUG] 2026-06-24 16:15:02,272 django.db.backends | module=utils | process=54790 | thread=6188478464 | (0.000) SELECT "auth_user"."id", "auth_user"."password", "auth_user"."last_login", "auth_user"."is_superuser", "auth_user"."username", "auth_user"."first_name", "auth_user"."last_name", "auth_user"."email", "auth_user"."is_staff", "auth_user"."is_active", "auth_user"."date_joined" FROM "auth_user" WHERE "auth_user"."id" = 1 LIMIT 21; args=(1,); alias=default
[DEBUG] 2026-06-24 16:17:39,316 django.db.backends | module=utils | process=54949 | thread=6115962880 | (0.000) 
            SELECT name, type FROM sqlite_master
            WHERE type in ('table', 'view') AND NOT name='sqlite_sequence'
            ORDER BY name; args=None; alias=default
[DEBUG] 2026-06-24 16:17:39,318 django.db.backends | module=utils | process=54949 | thread=6115962880 | (0.000) SELECT "django_migrations"."id", "django_migrations"."app", "django_migrations"."name", "django_migrations"."applied" FROM "django_migrations"; args=(); alias=default
[DEBUG] 2026-06-24 16:24:01,181 django.db.backends | module=utils | process=55018 | thread=6184497152 | (0.000) 
            SELECT name, type FROM sqlite_master
            WHERE type in ('table', 'view') AND NOT name='sqlite_sequence'
            ORDER BY name; args=None; alias=default
[DEBUG] 2026-06-24 16:24:01,182 django.db.backends | module=utils | process=55018 | thread=6184497152 | (0.000) SELECT "django_migrations"."id", "django_migrations"."app", "django_migrations"."name", "django_migrations"."applied" FROM "django_migrations"; args=(); alias=default
[DEBUG] 2026-06-24 16:25:57,504 django.db.backends | module=utils | process=55018 | thread=6201323520 | (0.000) SELECT "auth_user"."id", "auth_user"."password", "auth_user"."last_login", "auth_user"."is_superuser", "auth_user"."username", "auth_user"."first_name", "auth_user"."last_name", "auth_user"."email", "auth_user"."is_staff", "auth_user"."is_active", "auth_user"."date_joined" FROM "auth_user" WHERE "auth_user"."username" = 'iryna' LIMIT 21; args=('iryna',); alias=default
[DEBUG] 2026-06-24 16:28:25,886 django.db.backends | module=utils | process=55018 | thread=6234976256 | (0.000) SELECT "auth_user"."id", "auth_user"."password", "auth_user"."last_login", "auth_user"."is_superuser", "auth_user"."username", "auth_user"."first_name", "auth_user"."last_name", "auth_user"."email", "auth_user"."is_staff", "auth_user"."is_active", "auth_user"."date_joined" FROM "auth_user" WHERE "auth_user"."username" = 'iryna' LIMIT 21; args=('iryna',); alias=default
[DEBUG] 2026-06-24 16:28:25,996 django.db.backends | module=utils | process=55018 | thread=6234976256 | (0.000) SELECT 1 AS "a" FROM "django_session" WHERE "django_session"."session_key" = '09prg52mkd4agvhupc8aqxsw4c4yj0wf' LIMIT 1; args=(1, '09prg52mkd4agvhupc8aqxsw4c4yj0wf'); alias=default
[DEBUG] 2026-06-24 16:28:25,996 django.db.backends | module=utils | process=55018 | thread=6234976256 | (0.000) BEGIN; args=None; alias=default
[DEBUG] 2026-06-24 16:28:25,997 django.db.backends | module=utils | process=55018 | thread=6234976256 | (0.001) INSERT INTO "django_session" ("session_key", "session_data", "expire_date") VALUES ('09prg52mkd4agvhupc8aqxsw4c4yj0wf', 'e30:1wcQSf:VOxVniajatG0K62DKW6-7HVc6QNpwKWEGrEaMoeIpmg', '2026-07-08 16:28:25.996804'); args=('09prg52mkd4agvhupc8aqxsw4c4yj0wf', 'e30:1wcQSf:VOxVniajatG0K62DKW6-7HVc6QNpwKWEGrEaMoeIpmg', '2026-07-08 16:28:25.996804'); alias=default
[DEBUG] 2026-06-24 16:28:25,998 django.db.backends | module=utils | process=55018 | thread=6234976256 | (0.000) COMMIT; args=None; alias=default
[DEBUG] 2026-06-24 16:28:25,998 django.db.backends | module=utils | process=55018 | thread=6234976256 | (0.000) UPDATE "auth_user" SET "last_login" = '2026-06-24 16:28:25.998098' WHERE "auth_user"."id" = 1; args=('2026-06-24 16:28:25.998098', 1); alias=default
[DEBUG] 2026-06-24 16:28:25,998 django.db.backends | module=utils | process=55018 | thread=6234976256 | (0.000) BEGIN; args=None; alias=default
[DEBUG] 2026-06-24 16:28:25,998 django.db.backends | module=utils | process=55018 | thread=6234976256 | (0.000) UPDATE "django_session" SET "session_data" = '.eJxVjEEOwiAQRe_C2pBCZwq4dO8ZCDCDVA0kpV0Z765NutDtf-_9l_BhW4vfOi9-JnEWSpx-txjSg-sO6B7qrcnU6rrMUe6KPGiX10b8vBzu30EJvXxrE_SQg4lIlCzbjAg6ITggJsVOkbU8OZOTnsAS2DiaHGEkhTxgRiXeH_jcOB8:1wcQSf:GIRKEYBUC0T615sf_PkvUd_TDAl2b341MFKWF61XnAM', "expire_date" = '2026-07-08 16:28:25.998729' WHERE "django_session"."session_key" = '09prg52mkd4agvhupc8aqxsw4c4yj0wf'; args=('.eJxVjEEOwiAQRe_C2pBCZwq4dO8ZCDCDVA0kpV0Z765NutDtf-_9l_BhW4vfOi9-JnEWSpx-txjSg-sO6B7qrcnU6rrMUe6KPGiX10b8vBzu30EJvXxrE_SQg4lIlCzbjAg6ITggJsVOkbU8OZOTnsAS2DiaHGEkhTxgRiXeH_jcOB8:1wcQSf:GIRKEYBUC0T615sf_PkvUd_TDAl2b341MFKWF61XnAM', '2026-07-08 16:28:25.998729', '09prg52mkd4agvhupc8aqxsw4c4yj0wf'); alias=default
[DEBUG] 2026-06-24 16:28:25,999 django.db.backends | module=utils | process=55018 | thread=6234976256 | (0.000) COMMIT; args=None; alias=default
[DEBUG] 2026-06-24 16:29:49,481 django.db.backends | module=utils | process=55018 | thread=6201323520 | (0.000) SELECT "auth_user"."id", "auth_user"."password", "auth_user"."last_login", "auth_user"."is_superuser", "auth_user"."username", "auth_user"."first_name", "auth_user"."last_name", "auth_user"."email", "auth_user"."is_staff", "auth_user"."is_active", "auth_user"."date_joined" FROM "auth_user" WHERE "auth_user"."username" = 'iryna' LIMIT 21; args=('iryna',); alias=default
[DEBUG] 2026-06-24 16:29:49,597 django.db.backends | module=utils | process=55018 | thread=6201323520 | (0.000) SELECT "django_session"."session_key", "django_session"."session_data", "django_session"."expire_date" FROM "django_session" WHERE ("django_session"."expire_date" > '2026-06-24 16:29:49.597609' AND "django_session"."session_key" = '09prg52mkd4agvhupc8aqxsw4c4yj0wf') LIMIT 21; args=('2026-06-24 16:29:49.597609', '09prg52mkd4agvhupc8aqxsw4c4yj0wf'); alias=default
[DEBUG] 2026-06-24 16:29:49,598 django.db.backends | module=utils | process=55018 | thread=6201323520 | (0.001) UPDATE "auth_user" SET "last_login" = '2026-06-24 16:29:49.598157' WHERE "auth_user"."id" = 1; args=('2026-06-24 16:29:49.598157', 1); alias=default
[DEBUG] 2026-06-24 16:29:49,599 django.db.backends | module=utils | process=55018 | thread=6201323520 | (0.000) BEGIN; args=None; alias=default
[DEBUG] 2026-06-24 16:29:49,599 django.db.backends | module=utils | process=55018 | thread=6201323520 | (0.000) UPDATE "django_session" SET "session_data" = '.eJxVjEEOwiAQRe_C2pBCZwq4dO8ZCDCDVA0kpV0Z765NutDtf-_9l_BhW4vfOi9-JnEWSpx-txjSg-sO6B7qrcnU6rrMUe6KPGiX10b8vBzu30EJvXxrE_SQg4lIlCzbjAg6ITggJsVOkbU8OZOTnsAS2DiaHGEkhTxgRiXeH_jcOB8:1wcQU1:7yUmBodUedpBJz-hzCAgUmJXvClGkaRuIWDZE9reTAs', "expire_date" = '2026-07-08 16:29:49.599055' WHERE "django_session"."session_key" = '09prg52mkd4agvhupc8aqxsw4c4yj0wf'; args=('.eJxVjEEOwiAQRe_C2pBCZwq4dO8ZCDCDVA0kpV0Z765NutDtf-_9l_BhW4vfOi9-JnEWSpx-txjSg-sO6B7qrcnU6rrMUe6KPGiX10b8vBzu30EJvXxrE_SQg4lIlCzbjAg6ITggJsVOkbU8OZOTnsAS2DiaHGEkhTxgRiXeH_jcOB8:1wcQU1:7yUmBodUedpBJz-hzCAgUmJXvClGkaRuIWDZE9reTAs', '2026-07-08 16:29:49.599055', '09prg52mkd4agvhupc8aqxsw4c4yj0wf'); alias=default
[DEBUG] 2026-06-24 16:29:49,599 django.db.backends | module=utils | process=55018 | thread=6201323520 | (0.000) COMMIT; args=None; alias=default
[DEBUG] 2026-06-24 16:33:31,901 django.db.backends | module=utils | process=55018 | thread=6218149888 | (0.000) SELECT "task_manager_task"."id", "task_manager_task"."title", "task_manager_task"."description", "task_manager_task"."status", "task_manager_task"."deadline", "task_manager_task"."created_at", "task_manager_task"."days_of_week", "task_manager_task"."owner_id" FROM "task_manager_task" ORDER BY "task_manager_task"."created_at" DESC; args=(); alias=default
[DEBUG] 2026-06-24 16:34:37,283 django.db.backends | module=utils | process=55018 | thread=6251802624 | (0.000) SELECT "auth_user"."id", "auth_user"."password", "auth_user"."last_login", "auth_user"."is_superuser", "auth_user"."username", "auth_user"."first_name", "auth_user"."last_name", "auth_user"."email", "auth_user"."is_staff", "auth_user"."is_active", "auth_user"."date_joined" FROM "auth_user" WHERE "auth_user"."username" = 'iryna' LIMIT 21; args=('iryna',); alias=default
[DEBUG] 2026-06-24 16:34:37,397 django.db.backends | module=utils | process=55018 | thread=6251802624 | (0.000) SELECT "django_session"."session_key", "django_session"."session_data", "django_session"."expire_date" FROM "django_session" WHERE ("django_session"."expire_date" > '2026-06-24 16:34:37.396937' AND "django_session"."session_key" = '09prg52mkd4agvhupc8aqxsw4c4yj0wf') LIMIT 21; args=('2026-06-24 16:34:37.396937', '09prg52mkd4agvhupc8aqxsw4c4yj0wf'); alias=default
[DEBUG] 2026-06-24 16:34:37,398 django.db.backends | module=utils | process=55018 | thread=6251802624 | (0.001) UPDATE "auth_user" SET "last_login" = '2026-06-24 16:34:37.397496' WHERE "auth_user"."id" = 1; args=('2026-06-24 16:34:37.397496', 1); alias=default
[DEBUG] 2026-06-24 16:34:37,398 django.db.backends | module=utils | process=55018 | thread=6251802624 | (0.000) BEGIN; args=None; alias=default
[DEBUG] 2026-06-24 16:34:37,398 django.db.backends | module=utils | process=55018 | thread=6251802624 | (0.000) UPDATE "django_session" SET "session_data" = '.eJxVjEEOwiAQRe_C2pBCZwq4dO8ZCDCDVA0kpV0Z765NutDtf-_9l_BhW4vfOi9-JnEWSpx-txjSg-sO6B7qrcnU6rrMUe6KPGiX10b8vBzu30EJvXxrE_SQg4lIlCzbjAg6ITggJsVOkbU8OZOTnsAS2DiaHGEkhTxgRiXeH_jcOB8:1wcQYf:DLNKGxFoR05R38M7I6J4A015Fyowv1_ubzyLqXoIRgE', "expire_date" = '2026-07-08 16:34:37.398724' WHERE "django_session"."session_key" = '09prg52mkd4agvhupc8aqxsw4c4yj0wf'; args=('.eJxVjEEOwiAQRe_C2pBCZwq4dO8ZCDCDVA0kpV0Z765NutDtf-_9l_BhW4vfOi9-JnEWSpx-txjSg-sO6B7qrcnU6rrMUe6KPGiX10b8vBzu30EJvXxrE_SQg4lIlCzbjAg6ITggJsVOkbU8OZOTnsAS2DiaHGEkhTxgRiXeH_jcOB8:1wcQYf:DLNKGxFoR05R38M7I6J4A015Fyowv1_ubzyLqXoIRgE', '2026-07-08 16:34:37.398724', '09prg52mkd4agvhupc8aqxsw4c4yj0wf'); alias=default
[DEBUG] 2026-06-24 16:34:37,399 django.db.backends | module=utils | process=55018 | thread=6251802624 | (0.000) COMMIT; args=None; alias=default
[DEBUG] 2026-06-24 16:35:25,712 django.db.backends | module=utils | process=55156 | thread=6186397696 | (0.000) 
            SELECT name, type FROM sqlite_master
            WHERE type in ('table', 'view') AND NOT name='sqlite_sequence'
            ORDER BY name; args=None; alias=default
[DEBUG] 2026-06-24 16:35:25,713 django.db.backends | module=utils | process=55156 | thread=6186397696 | (0.000) SELECT "django_migrations"."id", "django_migrations"."app", "django_migrations"."name", "django_migrations"."applied" FROM "django_migrations"; args=(); alias=default
[DEBUG] 2026-06-24 16:35:28,378 django.db.backends | module=utils | process=55156 | thread=6203224064 | (0.000) SELECT "django_session"."session_key", "django_session"."session_data", "django_session"."expire_date" FROM "django_session" WHERE ("django_session"."expire_date" > '2026-06-24 16:35:28.375638' AND "django_session"."session_key" = '09prg52mkd4agvhupc8aqxsw4c4yj0wf') LIMIT 21; args=('2026-06-24 16:35:28.375638', '09prg52mkd4agvhupc8aqxsw4c4yj0wf'); alias=default
[DEBUG] 2026-06-24 16:35:28,379 django.db.backends | module=utils | process=55156 | thread=6203224064 | (0.000) SELECT "auth_user"."id", "auth_user"."password", "auth_user"."last_login", "auth_user"."is_superuser", "auth_user"."username", "auth_user"."first_name", "auth_user"."last_name", "auth_user"."email", "auth_user"."is_staff", "auth_user"."is_active", "auth_user"."date_joined" FROM "auth_user" WHERE "auth_user"."id" = 1 LIMIT 21; args=(1,); alias=default
[DEBUG] 2026-06-24 16:35:52,488 django.db.backends | module=utils | process=55156 | thread=6203224064 | (0.000) SELECT "django_session"."session_key", "django_session"."session_data", "django_session"."expire_date" FROM "django_session" WHERE ("django_session"."expire_date" > '2026-06-24 16:35:52.486110' AND "django_session"."session_key" = '09prg52mkd4agvhupc8aqxsw4c4yj0wf') LIMIT 21; args=('2026-06-24 16:35:52.486110', '09prg52mkd4agvhupc8aqxsw4c4yj0wf'); alias=default
[DEBUG] 2026-06-24 16:35:52,490 django.db.backends | module=utils | process=55156 | thread=6203224064 | (0.000) SELECT "auth_user"."id", "auth_user"."password", "auth_user"."last_login", "auth_user"."is_superuser", "auth_user"."username", "auth_user"."first_name", "auth_user"."last_name", "auth_user"."email", "auth_user"."is_staff", "auth_user"."is_active", "auth_user"."date_joined" FROM "auth_user" WHERE "auth_user"."id" = 1 LIMIT 21; args=(1,); alias=default
[DEBUG] 2026-06-24 16:35:58,081 django.db.backends | module=utils | process=55156 | thread=6203224064 | (0.000) SELECT "django_session"."session_key", "django_session"."session_data", "django_session"."expire_date" FROM "django_session" WHERE ("django_session"."expire_date" > '2026-06-24 16:35:58.079467' AND "django_session"."session_key" = '09prg52mkd4agvhupc8aqxsw4c4yj0wf') LIMIT 21; args=('2026-06-24 16:35:58.079467', '09prg52mkd4agvhupc8aqxsw4c4yj0wf'); alias=default
[DEBUG] 2026-06-24 16:35:58,082 django.db.backends | module=utils | process=55156 | thread=6203224064 | (0.000) SELECT "auth_user"."id", "auth_user"."password", "auth_user"."last_login", "auth_user"."is_superuser", "auth_user"."username", "auth_user"."first_name", "auth_user"."last_name", "auth_user"."email", "auth_user"."is_staff", "auth_user"."is_active", "auth_user"."date_joined" FROM "auth_user" WHERE "auth_user"."id" = 1 LIMIT 21; args=(1,); alias=default
[DEBUG] 2026-06-24 16:36:09,522 django.db.backends | module=utils | process=55156 | thread=6203224064 | (0.000) SELECT "django_session"."session_key", "django_session"."session_data", "django_session"."expire_date" FROM "django_session" WHERE ("django_session"."expire_date" > '2026-06-24 16:36:09.520006' AND "django_session"."session_key" = '09prg52mkd4agvhupc8aqxsw4c4yj0wf') LIMIT 21; args=('2026-06-24 16:36:09.520006', '09prg52mkd4agvhupc8aqxsw4c4yj0wf'); alias=default
[DEBUG] 2026-06-24 16:36:09,523 django.db.backends | module=utils | process=55156 | thread=6203224064 | (0.000) SELECT "auth_user"."id", "auth_user"."password", "auth_user"."last_login", "auth_user"."is_superuser", "auth_user"."username", "auth_user"."first_name", "auth_user"."last_name", "auth_user"."email", "auth_user"."is_staff", "auth_user"."is_active", "auth_user"."date_joined" FROM "auth_user" WHERE "auth_user"."id" = 1 LIMIT 21; args=(1,); alias=default
[DEBUG] 2026-06-24 16:39:11,333 django.db.backends | module=utils | process=55156 | thread=6220050432 | (0.000) SELECT "django_session"."session_key", "django_session"."session_data", "django_session"."expire_date" FROM "django_session" WHERE ("django_session"."expire_date" > '2026-06-24 16:39:11.332040' AND "django_session"."session_key" = '09prg52mkd4agvhupc8aqxsw4c4yj0wf') LIMIT 21; args=('2026-06-24 16:39:11.332040', '09prg52mkd4agvhupc8aqxsw4c4yj0wf'); alias=default
[DEBUG] 2026-06-24 16:39:11,334 django.db.backends | module=utils | process=55156 | thread=6220050432 | (0.000) SELECT "auth_user"."id", "auth_user"."password", "auth_user"."last_login", "auth_user"."is_superuser", "auth_user"."username", "auth_user"."first_name", "auth_user"."last_name", "auth_user"."email", "auth_user"."is_staff", "auth_user"."is_active", "auth_user"."date_joined" FROM "auth_user" WHERE "auth_user"."id" = 1 LIMIT 21; args=(1,); alias=default
[DEBUG] 2026-06-24 16:39:30,394 django.db.backends | module=utils | process=55156 | thread=6220050432 | (0.000) SELECT "auth_user"."id", "auth_user"."password", "auth_user"."last_login", "auth_user"."is_superuser", "auth_user"."username", "auth_user"."first_name", "auth_user"."last_name", "auth_user"."email", "auth_user"."is_staff", "auth_user"."is_active", "auth_user"."date_joined" FROM "auth_user" WHERE "auth_user"."username" = 'iryna' LIMIT 21; args=('iryna',); alias=default
[DEBUG] 2026-06-24 16:39:30,512 django.db.backends | module=utils | process=55156 | thread=6220050432 | (0.000) SELECT "django_session"."session_key", "django_session"."session_data", "django_session"."expire_date" FROM "django_session" WHERE ("django_session"."expire_date" > '2026-06-24 16:39:30.512549' AND "django_session"."session_key" = '09prg52mkd4agvhupc8aqxsw4c4yj0wf') LIMIT 21; args=('2026-06-24 16:39:30.512549', '09prg52mkd4agvhupc8aqxsw4c4yj0wf'); alias=default
[DEBUG] 2026-06-24 16:39:30,513 django.db.backends | module=utils | process=55156 | thread=6220050432 | (0.000) UPDATE "auth_user" SET "last_login" = '2026-06-24 16:39:30.513090' WHERE "auth_user"."id" = 1; args=('2026-06-24 16:39:30.513090', 1); alias=default
[DEBUG] 2026-06-24 16:39:30,513 django.db.backends | module=utils | process=55156 | thread=6220050432 | (0.000) BEGIN; args=None; alias=default
[DEBUG] 2026-06-24 16:39:30,514 django.db.backends | module=utils | process=55156 | thread=6220050432 | (0.000) UPDATE "django_session" SET "session_data" = '.eJxVjEEOwiAQRe_C2pBCZwq4dO8ZCDCDVA0kpV0Z765NutDtf-_9l_BhW4vfOi9-JnEWSpx-txjSg-sO6B7qrcnU6rrMUe6KPGiX10b8vBzu30EJvXxrE_SQg4lIlCzbjAg6ITggJsVOkbU8OZOTnsAS2DiaHGEkhTxgRiXeH_jcOB8:1wcQdO:KkGpyBP1NszvrsXrGC6YAAyxaiuy5nCDbViC_8zufSU', "expire_date" = '2026-07-08 16:39:30.513888' WHERE "django_session"."session_key" = '09prg52mkd4agvhupc8aqxsw4c4yj0wf'; args=('.eJxVjEEOwiAQRe_C2pBCZwq4dO8ZCDCDVA0kpV0Z765NutDtf-_9l_BhW4vfOi9-JnEWSpx-txjSg-sO6B7qrcnU6rrMUe6KPGiX10b8vBzu30EJvXxrE_SQg4lIlCzbjAg6ITggJsVOkbU8OZOTnsAS2DiaHGEkhTxgRiXeH_jcOB8:1wcQdO:KkGpyBP1NszvrsXrGC6YAAyxaiuy5nCDbViC_8zufSU', '2026-07-08 16:39:30.513888', '09prg52mkd4agvhupc8aqxsw4c4yj0wf'); alias=default
[DEBUG] 2026-06-24 16:39:30,514 django.db.backends | module=utils | process=55156 | thread=6220050432 | (0.000) COMMIT; args=None; alias=default
[DEBUG] 2026-06-24 16:39:30,518 django.db.backends | module=utils | process=55156 | thread=6220050432 | (0.000) SELECT "django_session"."session_key", "django_session"."session_data", "django_session"."expire_date" FROM "django_session" WHERE ("django_session"."expire_date" > '2026-06-24 16:39:30.517798' AND "django_session"."session_key" = '09prg52mkd4agvhupc8aqxsw4c4yj0wf') LIMIT 21; args=('2026-06-24 16:39:30.517798', '09prg52mkd4agvhupc8aqxsw4c4yj0wf'); alias=default
[DEBUG] 2026-06-24 16:39:30,518 django.db.backends | module=utils | process=55156 | thread=6220050432 | (0.000) SELECT "auth_user"."id", "auth_user"."password", "auth_user"."last_login", "auth_user"."is_superuser", "auth_user"."username", "auth_user"."first_name", "auth_user"."last_name", "auth_user"."email", "auth_user"."is_staff", "auth_user"."is_active", "auth_user"."date_joined" FROM "auth_user" WHERE "auth_user"."id" = 1 LIMIT 21; args=(1,); alias=default
[DEBUG] 2026-06-24 16:39:34,995 django.db.backends | module=utils | process=55156 | thread=6220050432 | (0.000) SELECT "django_session"."session_key", "django_session"."session_data", "django_session"."expire_date" FROM "django_session" WHERE ("django_session"."expire_date" > '2026-06-24 16:39:34.993323' AND "django_session"."session_key" = '09prg52mkd4agvhupc8aqxsw4c4yj0wf') LIMIT 21; args=('2026-06-24 16:39:34.993323', '09prg52mkd4agvhupc8aqxsw4c4yj0wf'); alias=default
[DEBUG] 2026-06-24 16:39:34,996 django.db.backends | module=utils | process=55156 | thread=6220050432 | (0.000) SELECT "auth_user"."id", "auth_user"."password", "auth_user"."last_login", "auth_user"."is_superuser", "auth_user"."username", "auth_user"."first_name", "auth_user"."last_name", "auth_user"."email", "auth_user"."is_staff", "auth_user"."is_active", "auth_user"."date_joined" FROM "auth_user" WHERE "auth_user"."id" = 1 LIMIT 21; args=(1,); alias=default
[DEBUG] 2026-06-24 16:39:43,204 django.db.backends | module=utils | process=55156 | thread=6220050432 | (0.000) SELECT "django_session"."session_key", "django_session"."session_data", "django_session"."expire_date" FROM "django_session" WHERE ("django_session"."expire_date" > '2026-06-24 16:39:43.202319' AND "django_session"."session_key" = '09prg52mkd4agvhupc8aqxsw4c4yj0wf') LIMIT 21; args=('2026-06-24 16:39:43.202319', '09prg52mkd4agvhupc8aqxsw4c4yj0wf'); alias=default
[DEBUG] 2026-06-24 16:39:43,207 django.db.backends | module=utils | process=55156 | thread=6220050432 | (0.000) SELECT "auth_user"."id", "auth_user"."password", "auth_user"."last_login", "auth_user"."is_superuser", "auth_user"."username", "auth_user"."first_name", "auth_user"."last_name", "auth_user"."email", "auth_user"."is_staff", "auth_user"."is_active", "auth_user"."date_joined" FROM "auth_user" WHERE "auth_user"."id" = 1 LIMIT 21; args=(1,); alias=default
[DEBUG] 2026-06-24 16:39:44,859 django.db.backends | module=utils | process=55156 | thread=6220050432 | (0.000) SELECT "django_session"."session_key", "django_session"."session_data", "django_session"."expire_date" FROM "django_session" WHERE ("django_session"."expire_date" > '2026-06-24 16:39:44.857451' AND "django_session"."session_key" = '09prg52mkd4agvhupc8aqxsw4c4yj0wf') LIMIT 21; args=('2026-06-24 16:39:44.857451', '09prg52mkd4agvhupc8aqxsw4c4yj0wf'); alias=default
[DEBUG] 2026-06-24 16:39:44,860 django.db.backends | module=utils | process=55156 | thread=6220050432 | (0.000) SELECT "auth_user"."id", "auth_user"."password", "auth_user"."last_login", "auth_user"."is_superuser", "auth_user"."username", "auth_user"."first_name", "auth_user"."last_name", "auth_user"."email", "auth_user"."is_staff", "auth_user"."is_active", "auth_user"."date_joined" FROM "auth_user" WHERE "auth_user"."id" = 1 LIMIT 21; args=(1,); alias=default
[DEBUG] 2026-06-24 16:40:43,489 django.db.backends | module=utils | process=55156 | thread=6203224064 | (0.000) SELECT "django_session"."session_key", "django_session"."session_data", "django_session"."expire_date" FROM "django_session" WHERE ("django_session"."expire_date" > '2026-06-24 16:40:43.485652' AND "django_session"."session_key" = '09prg52mkd4agvhupc8aqxsw4c4yj0wf') LIMIT 21; args=('2026-06-24 16:40:43.485652', '09prg52mkd4agvhupc8aqxsw4c4yj0wf'); alias=default
[DEBUG] 2026-06-24 16:40:43,490 django.db.backends | module=utils | process=55156 | thread=6203224064 | (0.000) SELECT "auth_user"."id", "auth_user"."password", "auth_user"."last_login", "auth_user"."is_superuser", "auth_user"."username", "auth_user"."first_name", "auth_user"."last_name", "auth_user"."email", "auth_user"."is_staff", "auth_user"."is_active", "auth_user"."date_joined" FROM "auth_user" WHERE "auth_user"."id" = 1 LIMIT 21; args=(1,); alias=default
[DEBUG] 2026-06-24 16:42:26,184 django.db.backends | module=utils | process=55239 | thread=6120534016 | (0.000) 
            SELECT name, type FROM sqlite_master
            WHERE type in ('table', 'view') AND NOT name='sqlite_sequence'
            ORDER BY name; args=None; alias=default
[DEBUG] 2026-06-24 16:42:26,185 django.db.backends | module=utils | process=55239 | thread=6120534016 | (0.000) SELECT "django_migrations"."id", "django_migrations"."app", "django_migrations"."name", "django_migrations"."applied" FROM "django_migrations"; args=(); alias=default
[DEBUG] 2026-06-24 16:42:33,425 django.db.backends | module=utils | process=55239 | thread=6137360384 | (0.000) SELECT "django_session"."session_key", "django_session"."session_data", "django_session"."expire_date" FROM "django_session" WHERE ("django_session"."expire_date" > '2026-06-24 16:42:33.423002' AND "django_session"."session_key" = '09prg52mkd4agvhupc8aqxsw4c4yj0wf') LIMIT 21; args=('2026-06-24 16:42:33.423002', '09prg52mkd4agvhupc8aqxsw4c4yj0wf'); alias=default
[DEBUG] 2026-06-24 16:42:33,427 django.db.backends | module=utils | process=55239 | thread=6137360384 | (0.000) SELECT "auth_user"."id", "auth_user"."password", "auth_user"."last_login", "auth_user"."is_superuser", "auth_user"."username", "auth_user"."first_name", "auth_user"."last_name", "auth_user"."email", "auth_user"."is_staff", "auth_user"."is_active", "auth_user"."date_joined" FROM "auth_user" WHERE "auth_user"."id" = 1 LIMIT 21; args=(1,); alias=default
[DEBUG] 2026-06-24 16:42:47,039 django.db.backends | module=utils | process=55239 | thread=6137360384 | (0.000) SELECT "auth_user"."id", "auth_user"."password", "auth_user"."last_login", "auth_user"."is_superuser", "auth_user"."username", "auth_user"."first_name", "auth_user"."last_name", "auth_user"."email", "auth_user"."is_staff", "auth_user"."is_active", "auth_user"."date_joined" FROM "auth_user" WHERE "auth_user"."username" = 'iryna' LIMIT 21; args=('iryna',); alias=default
[DEBUG] 2026-06-24 16:42:47,141 django.db.backends | module=utils | process=55239 | thread=6137360384 | (0.000) SELECT "django_session"."session_key", "django_session"."session_data", "django_session"."expire_date" FROM "django_session" WHERE ("django_session"."expire_date" > '2026-06-24 16:42:47.141483' AND "django_session"."session_key" = '09prg52mkd4agvhupc8aqxsw4c4yj0wf') LIMIT 21; args=('2026-06-24 16:42:47.141483', '09prg52mkd4agvhupc8aqxsw4c4yj0wf'); alias=default
[DEBUG] 2026-06-24 16:42:47,145 django.db.backends | module=utils | process=55239 | thread=6137360384 | (0.003) UPDATE "auth_user" SET "last_login" = '2026-06-24 16:42:47.142010' WHERE "auth_user"."id" = 1; args=('2026-06-24 16:42:47.142010', 1); alias=default
[DEBUG] 2026-06-24 16:42:47,145 django.db.backends | module=utils | process=55239 | thread=6137360384 | (0.000) BEGIN; args=None; alias=default
[DEBUG] 2026-06-24 16:42:47,145 django.db.backends | module=utils | process=55239 | thread=6137360384 | (0.000) UPDATE "django_session" SET "session_data" = '.eJxVjEEOwiAQRe_C2pBCZwq4dO8ZCDCDVA0kpV0Z765NutDtf-_9l_BhW4vfOi9-JnEWSpx-txjSg-sO6B7qrcnU6rrMUe6KPGiX10b8vBzu30EJvXxrE_SQg4lIlCzbjAg6ITggJsVOkbU8OZOTnsAS2DiaHGEkhTxgRiXeH_jcOB8:1wcQgZ:-cwelRkzQzdL0gtv4xNfQEvAS9bUuP0YQMDsKn2QNDI', "expire_date" = '2026-07-08 16:42:47.145591' WHERE "django_session"."session_key" = '09prg52mkd4agvhupc8aqxsw4c4yj0wf'; args=('.eJxVjEEOwiAQRe_C2pBCZwq4dO8ZCDCDVA0kpV0Z765NutDtf-_9l_BhW4vfOi9-JnEWSpx-txjSg-sO6B7qrcnU6rrMUe6KPGiX10b8vBzu30EJvXxrE_SQg4lIlCzbjAg6ITggJsVOkbU8OZOTnsAS2DiaHGEkhTxgRiXeH_jcOB8:1wcQgZ:-cwelRkzQzdL0gtv4xNfQEvAS9bUuP0YQMDsKn2QNDI', '2026-07-08 16:42:47.145591', '09prg52mkd4agvhupc8aqxsw4c4yj0wf'); alias=default
[DEBUG] 2026-06-24 16:42:47,146 django.db.backends | module=utils | process=55239 | thread=6137360384 | (0.000) COMMIT; args=None; alias=default
[DEBUG] 2026-06-24 16:42:47,150 django.db.backends | module=utils | process=55239 | thread=6137360384 | (0.000) SELECT "django_session"."session_key", "django_session"."session_data", "django_session"."expire_date" FROM "django_session" WHERE ("django_session"."expire_date" > '2026-06-24 16:42:47.149523' AND "django_session"."session_key" = '09prg52mkd4agvhupc8aqxsw4c4yj0wf') LIMIT 21; args=('2026-06-24 16:42:47.149523', '09prg52mkd4agvhupc8aqxsw4c4yj0wf'); alias=default
[DEBUG] 2026-06-24 16:42:47,150 django.db.backends | module=utils | process=55239 | thread=6137360384 | (0.000) SELECT "auth_user"."id", "auth_user"."password", "auth_user"."last_login", "auth_user"."is_superuser", "auth_user"."username", "auth_user"."first_name", "auth_user"."last_name", "auth_user"."email", "auth_user"."is_staff", "auth_user"."is_active", "auth_user"."date_joined" FROM "auth_user" WHERE "auth_user"."id" = 1 LIMIT 21; args=(1,); alias=default
[DEBUG] 2026-06-24 16:43:02,053 django.db.backends | module=utils | process=55239 | thread=6137360384 | (0.000) SELECT "django_session"."session_key", "django_session"."session_data", "django_session"."expire_date" FROM "django_session" WHERE ("django_session"."expire_date" > '2026-06-24 16:43:02.051538' AND "django_session"."session_key" = '09prg52mkd4agvhupc8aqxsw4c4yj0wf') LIMIT 21; args=('2026-06-24 16:43:02.051538', '09prg52mkd4agvhupc8aqxsw4c4yj0wf'); alias=default
[DEBUG] 2026-06-24 16:43:02,054 django.db.backends | module=utils | process=55239 | thread=6137360384 | (0.000) SELECT "auth_user"."id", "auth_user"."password", "auth_user"."last_login", "auth_user"."is_superuser", "auth_user"."username", "auth_user"."first_name", "auth_user"."last_name", "auth_user"."email", "auth_user"."is_staff", "auth_user"."is_active", "auth_user"."date_joined" FROM "auth_user" WHERE "auth_user"."id" = 1 LIMIT 21; args=(1,); alias=default
[DEBUG] 2026-06-24 16:43:11,706 django.db.backends | module=utils | process=55239 | thread=6137360384 | (0.000) SELECT "django_session"."session_key", "django_session"."session_data", "django_session"."expire_date" FROM "django_session" WHERE ("django_session"."expire_date" > '2026-06-24 16:43:11.705249' AND "django_session"."session_key" = '09prg52mkd4agvhupc8aqxsw4c4yj0wf') LIMIT 21; args=('2026-06-24 16:43:11.705249', '09prg52mkd4agvhupc8aqxsw4c4yj0wf'); alias=default
[DEBUG] 2026-06-24 16:43:11,709 django.db.backends | module=utils | process=55239 | thread=6137360384 | (0.001) SELECT "auth_user"."id", "auth_user"."password", "auth_user"."last_login", "auth_user"."is_superuser", "auth_user"."username", "auth_user"."first_name", "auth_user"."last_name", "auth_user"."email", "auth_user"."is_staff", "auth_user"."is_active", "auth_user"."date_joined" FROM "auth_user" WHERE "auth_user"."id" = 1 LIMIT 21; args=(1,); alias=default
[DEBUG] 2026-06-24 16:43:19,265 django.db.backends | module=utils | process=55239 | thread=6137360384 | (0.000) SELECT "django_session"."session_key", "django_session"."session_data", "django_session"."expire_date" FROM "django_session" WHERE ("django_session"."expire_date" > '2026-06-24 16:43:19.264269' AND "django_session"."session_key" = '09prg52mkd4agvhupc8aqxsw4c4yj0wf') LIMIT 21; args=('2026-06-24 16:43:19.264269', '09prg52mkd4agvhupc8aqxsw4c4yj0wf'); alias=default
[DEBUG] 2026-06-24 16:43:19,266 django.db.backends | module=utils | process=55239 | thread=6137360384 | (0.000) SELECT "auth_user"."id", "auth_user"."password", "auth_user"."last_login", "auth_user"."is_superuser", "auth_user"."username", "auth_user"."first_name", "auth_user"."last_name", "auth_user"."email", "auth_user"."is_staff", "auth_user"."is_active", "auth_user"."date_joined" FROM "auth_user" WHERE "auth_user"."id" = 1 LIMIT 21; args=(1,); alias=default
[DEBUG] 2026-06-24 16:43:51,401 django.db.backends | module=utils | process=55239 | thread=6137360384 | (0.000) SELECT "django_session"."session_key", "django_session"."session_data", "django_session"."expire_date" FROM "django_session" WHERE ("django_session"."expire_date" > '2026-06-24 16:43:51.399352' AND "django_session"."session_key" = '09prg52mkd4agvhupc8aqxsw4c4yj0wf') LIMIT 21; args=('2026-06-24 16:43:51.399352', '09prg52mkd4agvhupc8aqxsw4c4yj0wf'); alias=default
[DEBUG] 2026-06-24 16:43:51,402 django.db.backends | module=utils | process=55239 | thread=6137360384 | (0.000) SELECT "auth_user"."id", "auth_user"."password", "auth_user"."last_login", "auth_user"."is_superuser", "auth_user"."username", "auth_user"."first_name", "auth_user"."last_name", "auth_user"."email", "auth_user"."is_staff", "auth_user"."is_active", "auth_user"."date_joined" FROM "auth_user" WHERE "auth_user"."id" = 1 LIMIT 21; args=(1,); alias=default
[DEBUG] 2026-06-24 16:44:06,984 django.db.backends | module=utils | process=55239 | thread=6137360384 | (0.000) SELECT "django_session"."session_key", "django_session"."session_data", "django_session"."expire_date" FROM "django_session" WHERE ("django_session"."expire_date" > '2026-06-24 16:44:06.983911' AND "django_session"."session_key" = '09prg52mkd4agvhupc8aqxsw4c4yj0wf') LIMIT 21; args=('2026-06-24 16:44:06.983911', '09prg52mkd4agvhupc8aqxsw4c4yj0wf'); alias=default
[DEBUG] 2026-06-24 16:44:06,985 django.db.backends | module=utils | process=55239 | thread=6137360384 | (0.000) SELECT "auth_user"."id", "auth_user"."password", "auth_user"."last_login", "auth_user"."is_superuser", "auth_user"."username", "auth_user"."first_name", "auth_user"."last_name", "auth_user"."email", "auth_user"."is_staff", "auth_user"."is_active", "auth_user"."date_joined" FROM "auth_user" WHERE "auth_user"."id" = 1 LIMIT 21; args=(1,); alias=default
[DEBUG] 2026-06-24 16:44:08,687 django.db.backends | module=utils | process=55239 | thread=6137360384 | (0.000) SELECT "django_session"."session_key", "django_session"."session_data", "django_session"."expire_date" FROM "django_session" WHERE ("django_session"."expire_date" > '2026-06-24 16:44:08.685848' AND "django_session"."session_key" = '09prg52mkd4agvhupc8aqxsw4c4yj0wf') LIMIT 21; args=('2026-06-24 16:44:08.685848', '09prg52mkd4agvhupc8aqxsw4c4yj0wf'); alias=default
[DEBUG] 2026-06-24 16:44:08,689 django.db.backends | module=utils | process=55239 | thread=6137360384 | (0.000) SELECT "auth_user"."id", "auth_user"."password", "auth_user"."last_login", "auth_user"."is_superuser", "auth_user"."username", "auth_user"."first_name", "auth_user"."last_name", "auth_user"."email", "auth_user"."is_staff", "auth_user"."is_active", "auth_user"."date_joined" FROM "auth_user" WHERE "auth_user"."id" = 1 LIMIT 21; args=(1,); alias=default
[DEBUG] 2026-06-24 16:44:54,347 django.db.backends | module=utils | process=55239 | thread=6137360384 | (0.000) SELECT "django_session"."session_key", "django_session"."session_data", "django_session"."expire_date" FROM "django_session" WHERE ("django_session"."expire_date" > '2026-06-24 16:44:54.345239' AND "django_session"."session_key" = '09prg52mkd4agvhupc8aqxsw4c4yj0wf') LIMIT 21; args=('2026-06-24 16:44:54.345239', '09prg52mkd4agvhupc8aqxsw4c4yj0wf'); alias=default
[DEBUG] 2026-06-24 16:44:54,348 django.db.backends | module=utils | process=55239 | thread=6137360384 | (0.000) SELECT "auth_user"."id", "auth_user"."password", "auth_user"."last_login", "auth_user"."is_superuser", "auth_user"."username", "auth_user"."first_name", "auth_user"."last_name", "auth_user"."email", "auth_user"."is_staff", "auth_user"."is_active", "auth_user"."date_joined" FROM "auth_user" WHERE "auth_user"."id" = 1 LIMIT 21; args=(1,); alias=default
